Key : Count
-----------
Although : 1 -- 1 
sentence : 5 -- 91 57 34 23 9 
narrates : 1 -- 39 
a : 12 -- 89 77 70 55 45 40 36 32 21 16 12 7 
majority : 1 -- 82 
previous : 1 -- 60 
paragraph : 5 -- 71 61 46 37 17 
sentences : 1 -- 66 
be : 1 -- 28 
an : 1 -- 49 
if : 2 -- 63 44 
of : 2 -- 83 42 
continues : 1 -- 47 
in : 3 -- 69 58 35 
or : 1 -- 62 
to : 2 -- 76 30 
The : 1 -- 80 
For : 1 -- 24 
paragraphs : 2 -- 85 4 
developing : 1 -- 48 
introduced : 1 -- 53 
and : 1 -- 67 
indirectly : 1 -- 75 
are : 1 -- 11 
all : 1 -- 64 
the : 2 -- 65 59 
few : 1 -- 13 
not : 1 -- 19 
situations : 1 -- 14 
It's : 1 -- 2 
you : 2 -- 52 26 
idea : 1 -- 50 
able : 1 -- 29 
need : 1 -- 20 
have : 2 -- 88 6 
main : 1 -- 78 
that : 2 -- 51 38 
when : 1 -- 15 
omit : 1 -- 31 
with : 1 -- 54 
vast : 1 -- 81 
most : 1 -- 3 
your : 1 -- 84 
refer : 1 -- 73 
there : 1 -- 10 
might : 2 -- 27 18 
topic : 5 -- 90 56 33 22 8 
point : 1 -- 79 
series : 1 -- 41 
should : 2 -- 87 5 
events : 1 -- 43 
details : 1 -- 68 
clearly : 1 -- 72 
example : 1 -- 25 
perhaps : 1 -- 74 
however : 1 -- 86 
